[
 {
   "FIELD1": "1!100!200!300!400!500"
 },
 {
   "FIELD1": "2!101!201!301!401!501"
 },
 {
   "FIELD1": "3!102!202!302!402!502"
 },
 {
   "FIELD1": "4!103!203!303!403!503"
 },
 {
   "FIELD1": "5!104!204!304!404!504"
 },
 {
   "FIELD1": "6!105!205!305!405!505"
 },
 {
   "FIELD1": "7!106!206!306!406!506"
 },
 {
   "FIELD1": "8!107!207!307!407!507"
 },
 {
   "FIELD1": "9!108!208!308!408!508"
 },
 {
   "FIELD1": "10!109!209!309!409!509"
 },
 {
   "FIELD1": "11!110!210!310!410!510"
 },
 {
   "FIELD1": "12!111!211!311!411!511"
 },
 {
   "FIELD1": "13!112!212!312!412!512"
 },
 {
   "FIELD1": "14!113!213!313!413!513"
 },
 {
   "FIELD1": "15!114!214!314!414!514"
 },
 {
   "FIELD1": "16!115!215!315!415!515"
 },
 {
   "FIELD1": "17!116!216!316!416!516"
 },
 {
   "FIELD1": "18!117!217!317!417!517"
 },
 {
   "FIELD1": "19!118!218!318!418!518"
 },
 {
   "FIELD1": "20!119!219!319!419!519"
 },
 {
   "FIELD1": "2!101!201!301!401!501"
 },
 {
   "FIELD1": "22!121!221!321!421!521"
 },
 {
   "FIELD1": "23!122!222!322!422!522"
 },
 {
   "FIELD1": "24!123!223!323!423!523"
 },
 {
   "FIELD1": "25!124!224!324!424!524"
 },
 {
   "FIELD1": "2!101!201!301!401!501"
 },
 {
   "FIELD1": "15!114!214!314!414!514"
 },
 {
   "FIELD1": "16!115!215!315!415!515"
 },
 {
   "FIELD1": "17!116!216!316!416!516"
 },
 {
   "FIELD1": "18!117!217!317!417!517"
 }
]