[
 {
   "ッ!あ": "ト",
   "が": "ぇ",
   "ざ": "ご",
   "℁": "₣",
   "⏳": "ψ",
   "FIELD6": "😵"
 },
 {
   "ッ!あ": "ヅ",
   "が": "い",
   "ざ": "け",
   "℁": "₠",
   "⏳": "Å",
   "FIELD6": "○"
 },
 {
   "ッ!あ": "",
   "が": "ぅ",
   "ざ": "げ",
   "℁": "₡",
   "⏳": "",
   "FIELD6": "☝"
 },
 {
   "ッ!あ": "デ",
   "が": "",
   "ざ": "こ",
   "℁": "",
   "⏳": "Δ",
   "FIELD6": "⭐"
 },
 {
   "ッ!あ": "ド",
   "が": "え",
   "ざ": "さ",
   "℁": "℀",
   "⏳": "ↂ",
   "FIELD6": "🍕"
 },
 {
   "ッ!あ": "ツ",
   "が": "ぃ",
   "ざ": "ぎ",
   "℁": "せ",
   "⏳": "℟",
   "FIELD6": "▓"
 }
]