[
 {
   "ッ": "デ",
   "あ": "う",
   "が": "こ",
   "ざ": "₢",
   "℁": "Δ",
   "⏳": "⭐"
 },
 {
   "ッ": "ヅ",
   "あ": "い",
   "が": "け",
   "ざ": "₠",
   "℁": "Å",
   "⏳": "○"
 },
 {
   "ッ": "ミ",
   "あ": "ぅ",
   "が": "げ",
   "ざ": "",
   "℁": "ℬ",
   "⏳": "☝"
 },
 {
   "ッ": "ツ",
   "あ": "",
   "が": "ぎ",
   "ざ": "せ",
   "℁": "℟",
   "⏳": "▓"
 },
 {
   "ッ": "",
   "あ": "ぇ",
   "が": "ご",
   "ざ": "₣",
   "℁": "ψ",
   "⏳": ""
 },
 {
   "ッ": "ド",
   "あ": "え",
   "が": "さ",
   "ざ": "℀",
   "℁": "ↂ",
   "⏳": "🍕"
 }
]