[
 {
   "1;100": "4|106",
   "200": 203,
   "300": 303,
   "400": 403,
   "500": 503,
   "FIELD6": null
 },
 {
   "1;100": "5",
   "200": 108,
   "300": 204,
   "400": 304,
   "500": 404,
   "FIELD6": 504
 },
 {
   "1;100": "6",
   "200": 110,
   "300": 205,
   "400": 305,
   "500": 405,
   "FIELD6": 505
 },
 {
   "1;100": "7",
   "200": 112,
   "300": 206,
   "400": 306,
   "500": 406,
   "FIELD6": 506
 },
 {
   "1;100": "8",
   "200": 114,
   "300": 207,
   "400": 307,
   "500": 407,
   "FIELD6": 507
 },
 {
   "1;100": "9",
   "200": 116,
   "300": 208,
   "400": 308,
   "500": 408,
   "FIELD6": 508
 },
 {
   "1;100": "10",
   "200": 118,
   "300": 209,
   "400": 309,
   "500": 409,
   "FIELD6": 509
 },
 {
   "1;100": "11",
   "200": 120,
   "300": 210,
   "400": 310,
   "500": 410,
   "FIELD6": 510
 },
 {
   "1;100": "12",
   "200": 122,
   "300": 211,
   "400": 311,
   "500": 411,
   "FIELD6": 511
 },
 {
   "1;100": "13",
   "200": 124,
   "300": 212,
   "400": 312,
   "500": 412,
   "FIELD6": 512
 },
 {
   "1;100": "14",
   "200": 126,
   "300": 213,
   "400": 313,
   "500": 413,
   "FIELD6": 513
 },
 {
   "1;100": "15",
   "200": 128,
   "300": 214,
   "400": 314,
   "500": 414,
   "FIELD6": 514
 },
 {
   "1;100": "16",
   "200": 130,
   "300": 215,
   "400": 315,
   "500": 415,
   "FIELD6": 515
 },
 {
   "1;100": "17",
   "200": 132,
   "300": 216,
   "400": 316,
   "500": 416,
   "FIELD6": 516
 },
 {
   "1;100": "18",
   "200": 134,
   "300": 217,
   "400": 317,
   "500": 417,
   "FIELD6": 517
 },
 {
   "1;100": "19",
   "200": 136,
   "300": 218,
   "400": 318,
   "500": 418,
   "FIELD6": 518
 },
 {
   "1;100": "20",
   "200": 138,
   "300": 219,
   "400": 319,
   "500": 419,
   "FIELD6": 519
 },
 {
   "1;100": "21",
   "200": 140,
   "300": 220,
   "400": 320,
   "500": 420,
   "FIELD6": 520
 },
 {
   "1;100": "22",
   "200": 142,
   "300": 221,
   "400": 321,
   "500": 421,
   "FIELD6": 521
 },
 {
   "1;100": "23",
   "200": 144,
   "300": 222,
   "400": 322,
   "500": 422,
   "FIELD6": 522
 },
 {
   "1;100": "24",
   "200": 146,
   "300": 223,
   "400": 323,
   "500": 423,
   "FIELD6": 523
 },
 {
   "1;100": "2",
   "200": 102,
   "300": 201,
   "400": 301,
   "500": 401,
   "FIELD6": 501
 },
 {
   "1;100": "3",
   "200": 104,
   "300": 202,
   "400": 302,
   "500": 402,
   "FIELD6": 502
 }
]