[
 {
   "ッ": "ツ",
   "FIELD2": "ぃ,ぎ,せ,℟,▓"
 },
 {
   "ッ": "ヅ,い,け,₠,Å,○",
   "FIELD2": ""
 },
 {
   "ッ": "ミ,ぅ,げ,₡,ℬ,☝",
   "FIELD2": ""
 },
 {
   "ッ": "デ,う,,₢,Δ,⭐",
   "FIELD2": ""
 },
 {
   "ッ": "ト,ぇ,ご,,ψ,😵",
   "FIELD2": ""
 },
 {
   "ッ": "ド,え|さ,℀,,🍕",
   "FIELD2": ""
 },
 {
   "ッ": "ツ,,ぎ,せ,℟,▓",
   "FIELD2": ""
 },
 {
   "ッ": "ヅ,い,け,₠,,○",
   "FIELD2": ""
 },
 {
   "ッ": "ミ|ぅ,|₡,ℬ,☝",
   "FIELD2": ""
 },
 {
   "ッ": "デ,う,こ,,Δ,⭐",
   "FIELD2": ""
 },
 {
   "ッ": "ト,ぇ,ご,₣,ψ,😵",
   "FIELD2": ""
 },
 {
   "ッ": "ド,え,さ,℀,ↂ,🍕",
   "FIELD2": ""
 }
]