[
 {
   "FIELD1": "„ÉÉ",
   "FIELD2": "„ÅÇ",
   "FIELD3": "„Åå",
   "FIELD4": "„Åñ",
   "FIELD5": "‚ÑÅ",
   "FIELD6": "‚è≥"
 },
 {
   "FIELD1": "„ÉÑ",
   "FIELD2": "„ÅÉ",
   "FIELD3": "„Åé",
   "FIELD4": "„Åõ",
   "FIELD5": "‚Ñü",
   "FIELD6": "‚ñì"
 },
 {
   "FIELD1": "„ÉÖ",
   "FIELD2": "„ÅÑ",
   "FIELD3": "„Åë",
   "FIELD4": "‚Ç†",
   "FIELD5": "‚Ñ´",
   "FIELD6": "‚óã"
 },
 {
   "FIELD1": "„ÉÉ",
   "FIELD2": "„ÅÇ",
   "FIELD3": "„Åå",
   "FIELD4": "„Åñ",
   "FIELD5": "‚ÑÅ",
   "FIELD6": "‚è≥"
 },
 {
   "FIELD1": "„Éâ",
   "FIELD2": "„Åà",
   "FIELD3": "„Åï",
   "FIELD4": "‚ÑÄ",
   "FIELD5": "‚ÜÇ",
   "FIELD6": "üçï"
 },
 {
   "FIELD1": "„Éà",
   "FIELD2": "„Åá",
   "FIELD3": "„Åî",
   "FIELD4": "‚Ç£",
   "FIELD5": "œà",
   "FIELD6": "üòµ"
 },
 {
   "FIELD1": "„Éâ",
   "FIELD2": "„Åà",
   "FIELD3": "„Åï",
   "FIELD4": "‚ÑÄ",
   "FIELD5": "‚ÜÇ",
   "FIELD6": "üçï"
 }
]