[
 {
   "ッ!": "ツ!ぃ!ぎ!せ!℟!▓"
 },
 {
   "ッ!": "ヅ!い!け!₠!Å!○"
 },
 {
   "ッ!": "ミ!ぅ!げ!₡!ℬ!☝"
 },
 {
   "ッ!": "デ!う!こ!₢!Δ!⭐"
 },
 {
   "ッ!": "ト!ぇ!ご!₣!ψ!😵"
 },
 {
   "ッ!": "ド!え!さ!℀!ↂ!🍕"
 },
 {
   "ッ!": "ツ!ぃ!ぎ!せ!℟!▓"
 },
 {
   "ッ!": "デ!う!こ!₢!Δ!⭐"
 },
 {
   "ッ!": "ト!ぇ!ご!₣!ψ!😵"
 }
]