[
 {
   "1": 2,
   "100": 101,
   "200": 201,
   "300": 301,
   "400": 401,
   "500": 501
 },
 {
   "1": 3,
   "100": 102,
   "200": 202,
   "300": 302,
   "400": 402,
   "500": null
 },
 {
   "1": 4,
   "100": 103,
   "200": 203,
   "300": 303,
   "400": 403,
   "500": 503
 },
 {
   "1": 5,
   "100": 104,
   "200": 204,
   "300": 304,
   "400": 404,
   "500": 504
 },
 {
   "1": 6,
   "100": 105,
   "200": 205,
   "300": null,
   "400": 405,
   "500": 505
 },
 {
   "1": 7,
   "100": 106,
   "200": 206,
   "300": 306,
   "400": 406,
   "500": 506
 },
 {
   "1": 8,
   "100": 107,
   "200": 207,
   "300": 307,
   "400": 407,
   "500": 507
 },
 {
   "1": 9,
   "100": null,
   "200": 208,
   "300": 308,
   "400": 408,
   "500": 508
 },
 {
   "1": 10,
   "100": 109,
   "200": 209,
   "300": 309,
   "400": 409,
   "500": 509
 },
 {
   "1": 11,
   "100": 110,
   "200": 210,
   "300": 310,
   "400": 410,
   "500": 510
 },
 {
   "1": 12,
   "100": 111,
   "200": 211,
   "300": null,
   "400": 411,
   "500": 511
 },
 {
   "1": 13,
   "100": 112,
   "200": 212,
   "300": 312,
   "400": 412,
   "500": 512
 },
 {
   "1": 14,
   "100": 113,
   "200": 213,
   "300": 313,
   "400": 413,
   "500": 513
 },
 {
   "1": 15,
   "100": 114,
   "200": 214,
   "300": 314,
   "400": 414,
   "500": 514
 },
 {
   "1": 16,
   "100": 115,
   "200": 215,
   "300": 315,
   "400": 415,
   "500": 515
 },
 {
   "1": 17,
   "100": 116,
   "200": 216,
   "300": 316,
   "400": 416,
   "500": 516
 },
 {
   "1": 18,
   "100": 117,
   "200": 217,
   "300": 317,
   "400": 417,
   "500": 517
 },
 {
   "1": 19,
   "100": 118,
   "200": 218,
   "300": 318,
   "400": 418,
   "500": 518
 },
 {
   "1": 20,
   "100": 119,
   "200": 219,
   "300": 319,
   "400": 419,
   "500": 519
 },
 {
   "1": 21,
   "100": 120,
   "200": 220,
   "300": null,
   "400": 420,
   "500": 520
 },
 {
   "1": 22,
   "100": 121,
   "200": 221,
   "300": 321,
   "400": 421,
   "500": 521
 },
 {
   "1": 23,
   "100": 122,
   "200": 222,
   "300": 322,
   "400": 422,
   "500": 522
 },
 {
   "1": 24,
   "100": 123,
   "200": 223,
   "300": 323,
   "400": 423,
   "500": 523
 },
 {
   "1": 25,
   "100": 124,
   "200": 224,
   "300": 324,
   "400": 424,
   "500": 524
 },
 {
   "1": 26,
   "100": 125,
   "200": 225,
   "300": 325,
   "400": 425,
   "500": 525
 },
 {
   "1": 27,
   "100": 126,
   "200": 226,
   "300": 326,
   "400": 426,
   "500": 526
 },
 {
   "1": 28,
   "100": 127,
   "200": 227,
   "300": 327,
   "400": 427,
   "500": 527
 },
 {
   "1": 29,
   "100": 128,
   "200": 228,
   "300": 328,
   "400": 428,
   "500": 528
 }
]