[
 {
   "ッ!あ!が!ざ!℁!⏳": "ツ!ぃ!ぎ!せ!℟!▓"
 },
 {
   "ッ!あ!が!ざ!℁!⏳": "ヅ!い!け!₠!Å!○"
 },
 {
   "ッ!あ!が!ざ!℁!⏳": "ミ!ぅ!げ!₡!ℬ!☝"
 },
 {
   "ッ!あ!が!ざ!℁!⏳": "デ!う!こ!₢!!⭐"
 },
 {
   "ッ!あ!が!ざ!℁!⏳": "ト!ぇ!ご!₣!ψ!😵"
 },
 {
   "ッ!あ!が!ざ!℁!⏳": "ド!え!さ!℀!ↂ!🍕"
 },
 {
   "ッ!あ!が!ざ!℁!⏳": "!ぃ!ぎ!せ!℟!▓"
 },
 {
   "ッ!あ!が!ざ!℁!⏳": "デ!う!こ!₢!Δ!⭐"
 },
 {
   "ッ!あ!が!ざ!℁!⏳": "ト!ぇ!ご!₣!ψ!😵"
 }
]