[
 {
   "FIELD1": "1;100",
   "FIELD2": 200,
   "FIELD3": 300,
   "FIELD4": 400,
   "FIELD5": 500,
   "FIELD6": null
 },
 {
   "FIELD1": "2;101",
   "FIELD2": 201,
   "FIELD3": 301,
   "FIELD4": 401,
   "FIELD5": 501,
   "FIELD6": null
 },
 {
   "FIELD1": "3",
   "FIELD2": 102,
   "FIELD3": 202,
   "FIELD4": 302,
   "FIELD5": 402,
   "FIELD6": 502
 },
 {
   "FIELD1": "4",
   "FIELD2": 103,
   "FIELD3": 203,
   "FIELD4": 303,
   "FIELD5": 403,
   "FIELD6": 503
 },
 {
   "FIELD1": "5",
   "FIELD2": 104,
   "FIELD3": 204,
   "FIELD4": 304,
   "FIELD5": 404,
   "FIELD6": 504
 },
 {
   "FIELD1": "6",
   "FIELD2": 105,
   "FIELD3": 205,
   "FIELD4": 305,
   "FIELD5": 405,
   "FIELD6": 505
 },
 {
   "FIELD1": "7",
   "FIELD2": 106,
   "FIELD3": 206,
   "FIELD4": 306,
   "FIELD5": 406,
   "FIELD6": 506
 },
 {
   "FIELD1": "8",
   "FIELD2": 107,
   "FIELD3": 207,
   "FIELD4": 307,
   "FIELD5": 407,
   "FIELD6": 507
 },
 {
   "FIELD1": "9",
   "FIELD2": 108,
   "FIELD3": 208,
   "FIELD4": 308,
   "FIELD5": 408,
   "FIELD6": 508
 },
 {
   "FIELD1": "10",
   "FIELD2": 109,
   "FIELD3": 209,
   "FIELD4": 309,
   "FIELD5": 409,
   "FIELD6": 509
 },
 {
   "FIELD1": "11",
   "FIELD2": 110,
   "FIELD3": 210,
   "FIELD4": 310,
   "FIELD5": 410,
   "FIELD6": 510
 },
 {
   "FIELD1": "12",
   "FIELD2": 111,
   "FIELD3": 211,
   "FIELD4": 311,
   "FIELD5": 411,
   "FIELD6": 511
 },
 {
   "FIELD1": "30",
   "FIELD2": 129,
   "FIELD3": 229,
   "FIELD4": 329,
   "FIELD5": 429,
   "FIELD6": 529
 },
 {
   "FIELD1": "31",
   "FIELD2": 130,
   "FIELD3": 230,
   "FIELD4": 330,
   "FIELD5": 430,
   "FIELD6": 530
 },
 {
   "FIELD1": "32",
   "FIELD2": 131,
   "FIELD3": 231,
   "FIELD4": 331,
   "FIELD5": 431,
   "FIELD6": 531
 },
 {
   "FIELD1": "16",
   "FIELD2": 115,
   "FIELD3": 215,
   "FIELD4": 315,
   "FIELD5": 415,
   "FIELD6": 515
 },
 {
   "FIELD1": "17",
   "FIELD2": 116,
   "FIELD3": 216,
   "FIELD4": 316,
   "FIELD5": 416,
   "FIELD6": 516
 },
 {
   "FIELD1": "18",
   "FIELD2": 117,
   "FIELD3": 217,
   "FIELD4": 317,
   "FIELD5": 417,
   "FIELD6": 517
 },
 {
   "FIELD1": "19",
   "FIELD2": 118,
   "FIELD3": 218,
   "FIELD4": 318,
   "FIELD5": 418,
   "FIELD6": 518
 },
 {
   "FIELD1": "20",
   "FIELD2": 119,
   "FIELD3": 219,
   "FIELD4": 319,
   "FIELD5": 419,
   "FIELD6": 519
 },
 {
   "FIELD1": "21",
   "FIELD2": 120,
   "FIELD3": 220,
   "FIELD4": 320,
   "FIELD5": 420,
   "FIELD6": 520
 },
 {
   "FIELD1": "22",
   "FIELD2": 121,
   "FIELD3": 221,
   "FIELD4": 321,
   "FIELD5": 421,
   "FIELD6": 521
 },
 {
   "FIELD1": "23",
   "FIELD2": 122,
   "FIELD3": 222,
   "FIELD4": 322,
   "FIELD5": 422,
   "FIELD6": 522
 },
 {
   "FIELD1": "24",
   "FIELD2": 123,
   "FIELD3": 223,
   "FIELD4": 323,
   "FIELD5": 423,
   "FIELD6": 523
 },
 {
   "FIELD1": "25",
   "FIELD2": 124,
   "FIELD3": 224,
   "FIELD4": 324,
   "FIELD5": 424,
   "FIELD6": 524
 },
 {
   "FIELD1": "26",
   "FIELD2": 125,
   "FIELD3": 225,
   "FIELD4": 325,
   "FIELD5": 425,
   "FIELD6": 525
 },
 {
   "FIELD1": "27",
   "FIELD2": 126,
   "FIELD3": 226,
   "FIELD4": 326,
   "FIELD5": 426,
   "FIELD6": 526
 },
 {
   "FIELD1": "28",
   "FIELD2": 127,
   "FIELD3": 227,
   "FIELD4": 327,
   "FIELD5": 427,
   "FIELD6": 527
 },
 {
   "FIELD1": "29",
   "FIELD2": 128,
   "FIELD3": 228,
   "FIELD4": 328,
   "FIELD5": 428,
   "FIELD6": 528
 },
 {
   "FIELD1": "13",
   "FIELD2": 112,
   "FIELD3": 212,
   "FIELD4": 312,
   "FIELD5": 412,
   "FIELD6": 512
 },
 {
   "FIELD1": "14",
   "FIELD2": 113,
   "FIELD3": 213,
   "FIELD4": 313,
   "FIELD5": 413,
   "FIELD6": 513
 },
 {
   "FIELD1": "15",
   "FIELD2": 114,
   "FIELD3": 214,
   "FIELD4": 314,
   "FIELD5": 414,
   "FIELD6": 514
 }
]