[
 {
   "FIELD1": "ッ!あ!が!ざ!℁!⏳"
 },
 {
   "FIELD1": "ツ!ぃ!ぎ!せ!℟!▓"
 },
 {
   "FIELD1": "ヅ!い!け!₠!!○"
 },
 {
   "FIELD1": "ミ!ぅ!!₡!ℬ!☝"
 },
 {
   "FIELD1": "デ!う!こ!₢!Δ!⭐"
 },
 {
   "FIELD1": "ト!!ご!₣!!😵"
 },
 {
   "FIELD1": "!え!さ!℀!ↂ!🍕"
 },
 {
   "FIELD1": "ッ!あ!が!ざ!℁!⏳"
 },
 {
   "FIELD1": "デ!う!!₢!Δ!⭐"
 }
]