[
 {
   "ッ!": "ド!え!さ!℀!ↂ!🍕"
 },
 {
   "ッ!": "ツ!!ぎ!せ!℟!▓"
 },
 {
   "ッ!": "ト!ぇ!ご!₣!ψ!😵"
 },
 {
   "ッ!": "ヅ!い!け!₠!Å!○"
 },
 {
   "ッ!": "ミ!ぅ!げ!₡!ℬ!☝"
 },
 {
   "ッ!": "デ!う!こ!₢!!⭐"
 }
]