[
 {
   "ッ;あ": "ヅ|い",
   "が": "け",
   "ざ": "₠",
   "℁": "Å",
   "⏳": "○",
   "FIELD6": ""
 },
 {
   "ッ;あ": "ミ",
   "が": "",
   "ざ": "げ|₡",
   "℁": "ℬ",
   "⏳": "☝",
   "FIELD6": ""
 },
 {
   "ッ;あ": "デ",
   "が": "う",
   "ざ": "こ",
   "℁": "₢",
   "⏳": "Δ",
   "FIELD6": "⭐"
 },
 {
   "ッ;あ": "ト",
   "が": "ぇ",
   "ざ": "ご",
   "℁": "₣",
   "⏳": "ψ",
   "FIELD6": "😵"
 },
 {
   "ッ;あ": "ド",
   "が": "え",
   "ざ": "さ",
   "℁": "℀",
   "⏳": "",
   "FIELD6": "🍕"
 },
 {
   "ッ;あ": "ツ",
   "が": "ぃ",
   "ざ": "ぎ",
   "℁": "せ",
   "⏳": "℟",
   "FIELD6": "▓"
 }
]