[
 {
   "1!": "20!119!219!319!419!519"
 },
 {
   "1!": "21!120!220!320!420!520"
 },
 {
   "1!": "4!103!203!303!403!503"
 },
 {
   "1!": "5!104!204!304!404!504"
 },
 {
   "1!": "6!105!205!305!405!505"
 },
 {
   "1!": "10!109!209!309!409!509"
 },
 {
   "1!": "11!110!210!310!410!510"
 },
 {
   "1!": "12!111!211!311!411!511"
 },
 {
   "1!": "13!112!212!312!412!512"
 },
 {
   "1!": "14!113!213!313!413!513"
 },
 {
   "1!": "15!114!214!314!414!514"
 },
 {
   "1!": "16!115!215!315!415!515"
 },
 {
   "1!": "17!116!216!316!416!516"
 },
 {
   "1!": "18!117!217!317!417!517"
 },
 {
   "1!": "19!118!218!318!418!518"
 },
 {
   "1!": "22!121!221!321!421!521"
 },
 {
   "1!": "23!122!222!322!422!522"
 },
 {
   "1!": "24!123!223!323!423!523"
 },
 {
   "1!": "25!124!224!324!424!524"
 },
 {
   "1!": "26!125!225!325!425!525"
 },
 {
   "1!": "2!101!201!301!401!501"
 },
 {
   "1!": "3!102!202!302!402!502"
 },
 {
   "1!": "7!106!206!306!406!506"
 },
 {
   "1!": "8!107!207!307!407!507"
 },
 {
   "1!": "9!108!208!308!408!508"
 }
]