[
 {
   "FIELD1": "ト!ぇ!ご!₣!ψ!😵"
 },
 {
   "FIELD1": "ド!え!さ!℀!ↂ!🍕"
 },
 {
   "FIELD1": "ッ!あ!が!ざ!℁!⏳"
 },
 {
   "FIELD1": "ミ!ぅ!げ!₡!ℬ!☝"
 },
 {
   "FIELD1": "デ!う!こ!₢!Δ!⭐"
 },
 {
   "FIELD1": "ツ!ぃ!ぎ!せ!℟!▓"
 },
 {
   "FIELD1": "ヅ!い!け!₠!Å!○"
 }
]