[
 {
   "ッ;": "ツ;ぃ",
   "FIELD2": "ぎ",
   "FIELD3": "せ",
   "FIELD4": "℟",
   "FIELD5": "▓",
   "FIELD6": ""
 },
 {
   "ッ;": "ヅ",
   "FIELD2": "い",
   "FIELD3": "け",
   "FIELD4": "₠",
   "FIELD5": "Å",
   "FIELD6": "○"
 },
 {
   "ッ;": "ミ",
   "FIELD2": "ぅ",
   "FIELD3": "",
   "FIELD4": "₡",
   "FIELD5": "ℬ",
   "FIELD6": "☝"
 },
 {
   "ッ;": "デ",
   "FIELD2": "う",
   "FIELD3": "こ",
   "FIELD4": "",
   "FIELD5": "Δ",
   "FIELD6": "⭐"
 },
 {
   "ッ;": "ト",
   "FIELD2": "ぇ",
   "FIELD3": "ご",
   "FIELD4": "₣",
   "FIELD5": "ψ",
   "FIELD6": "😵"
 },
 {
   "ッ;": "ド",
   "FIELD2": "え",
   "FIELD3": "さ",
   "FIELD4": "℀",
   "FIELD5": "ↂ",
   "FIELD6": ""
 }
]