[
 {
   "?!": "?",
   "FIELD2": "?",
   "FIELD3": "?",
   "FIELD4": "?",
   "FIELD5": "?",
   "FIELD6": "??"
 },
 {
   "?!": "?",
   "FIELD2": "?",
   "FIELD3": "?",
   "FIELD4": "?",
   "FIELD5": "?",
   "FIELD6": "?"
 },
 {
   "?!": "?",
   "FIELD2": "?",
   "FIELD3": "?",
   "FIELD4": "?",
   "FIELD5": "?",
   "FIELD6": "?"
 },
 {
   "?!": "?",
   "FIELD2": "?",
   "FIELD3": "?",
   "FIELD4": "?",
   "FIELD5": "?",
   "FIELD6": "?"
 },
 {
   "?!": "?",
   "FIELD2": "?",
   "FIELD3": "?",
   "FIELD4": "?",
   "FIELD5": "?",
   "FIELD6": "??"
 },
 {
   "?!": "?",
   "FIELD2": "?",
   "FIELD3": "?",
   "FIELD4": "?",
   "FIELD5": "?",
   "FIELD6": "?"
 }
]