[
 {
   "ッ!あ!が!ざ!℁!⏳": "ツ!ぃ!ぎ!せ!℟!▓"
 },
 {
   "ッ!あ!が!ざ!℁!⏳": "ヅ!い!!₠!Å!○"
 },
 {
   "ッ!あ!が!ざ!℁!⏳": "ミ!ぅ!げ!!ℬ!☝"
 },
 {
   "ッ!あ!が!ざ!℁!⏳": "デ!う!こ!₢!Δ!⭐"
 },
 {
   "ッ!あ!が!ざ!℁!⏳": "ト!ぇ!ご!₣!ψ!😵"
 },
 {
   "ッ!あ!が!ざ!℁!⏳": "ド!!さ!℀!ↂ!🍕"
 }
]