[
 {
   "FIELD1": "1!100",
   "FIELD2": 200,
   "FIELD3": 300,
   "FIELD4": 400,
   "FIELD5": 500,
   "FIELD6": null
 },
 {
   "FIELD1": "2",
   "FIELD2": 101,
   "FIELD3": 201,
   "FIELD4": 301,
   "FIELD5": 401,
   "FIELD6": 501
 },
 {
   "FIELD1": "3",
   "FIELD2": 102,
   "FIELD3": 202,
   "FIELD4": 302,
   "FIELD5": 402,
   "FIELD6": 502
 },
 {
   "FIELD1": "4",
   "FIELD2": 103,
   "FIELD3": 203,
   "FIELD4": 303,
   "FIELD5": 403,
   "FIELD6": 503
 },
 {
   "FIELD1": "5",
   "FIELD2": 104,
   "FIELD3": 204,
   "FIELD4": 304,
   "FIELD5": 404,
   "FIELD6": 504
 },
 {
   "FIELD1": "6",
   "FIELD2": 105,
   "FIELD3": 205,
   "FIELD4": 305,
   "FIELD5": 405,
   "FIELD6": 505
 },
 {
   "FIELD1": "7",
   "FIELD2": 106,
   "FIELD3": 206,
   "FIELD4": 306,
   "FIELD5": 406,
   "FIELD6": 506
 },
 {
   "FIELD1": "8",
   "FIELD2": 107,
   "FIELD3": 207,
   "FIELD4": 307,
   "FIELD5": null,
   "FIELD6": 507
 },
 {
   "FIELD1": "",
   "FIELD2": null,
   "FIELD3": null,
   "FIELD4": 302,
   "FIELD5": 402,
   "FIELD6": null
 },
 {
   "FIELD1": "4",
   "FIELD2": 103,
   "FIELD3": 203,
   "FIELD4": 303,
   "FIELD5": 403,
   "FIELD6": 503
 },
 {
   "FIELD1": "11",
   "FIELD2": 110,
   "FIELD3": 210,
   "FIELD4": null,
   "FIELD5": 410,
   "FIELD6": 510
 },
 {
   "FIELD1": "12",
   "FIELD2": 111,
   "FIELD3": null,
   "FIELD4": 311,
   "FIELD5": 411,
   "FIELD6": 511
 },
 {
   "FIELD1": "13",
   "FIELD2": 112,
   "FIELD3": 212,
   "FIELD4": 312,
   "FIELD5": 412,
   "FIELD6": 512
 },
 {
   "FIELD1": "",
   "FIELD2": 113,
   "FIELD3": 213,
   "FIELD4": 313,
   "FIELD5": 413,
   "FIELD6": 513
 },
 {
   "FIELD1": "15",
   "FIELD2": null,
   "FIELD3": 214,
   "FIELD4": 314,
   "FIELD5": 414,
   "FIELD6": 514
 },
 {
   "FIELD1": "16",
   "FIELD2": 115,
   "FIELD3": 215,
   "FIELD4": 315,
   "FIELD5": 415,
   "FIELD6": 515
 },
 {
   "FIELD1": "17",
   "FIELD2": 116,
   "FIELD3": 216,
   "FIELD4": 316,
   "FIELD5": 416,
   "FIELD6": 516
 },
 {
   "FIELD1": "18",
   "FIELD2": 117,
   "FIELD3": 217,
   "FIELD4": 317,
   "FIELD5": 417,
   "FIELD6": 517
 },
 {
   "FIELD1": "14",
   "FIELD2": null,
   "FIELD3": 213,
   "FIELD4": 313,
   "FIELD5": 413,
   "FIELD6": 513
 },
 {
   "FIELD1": "20",
   "FIELD2": 119,
   "FIELD3": 219,
   "FIELD4": 319,
   "FIELD5": 419,
   "FIELD6": 519
 },
 {
   "FIELD1": "21",
   "FIELD2": 120,
   "FIELD3": 220,
   "FIELD4": 320,
   "FIELD5": 420,
   "FIELD6": 520
 },
 {
   "FIELD1": "22",
   "FIELD2": 121,
   "FIELD3": 221,
   "FIELD4": 321,
   "FIELD5": 421,
   "FIELD6": 521
 },
 {
   "FIELD1": "23",
   "FIELD2": 122,
   "FIELD3": 222,
   "FIELD4": 322,
   "FIELD5": 422,
   "FIELD6": 522
 },
 {
   "FIELD1": "24",
   "FIELD2": 123,
   "FIELD3": 223,
   "FIELD4": 323,
   "FIELD5": 423,
   "FIELD6": 523
 },
 {
   "FIELD1": "25",
   "FIELD2": 124,
   "FIELD3": 224,
   "FIELD4": 324,
   "FIELD5": 424,
   "FIELD6": 524
 }
]