[
 {
   "1": 2,
   "FIELD2": 101,
   "FIELD3": 201,
   "FIELD4": 301,
   "FIELD5": 401,
   "FIELD6": 501,
   "FIELD7": 601
 },
 {
   "1": 3,
   "FIELD2": 102,
   "FIELD3": 202,
   "FIELD4": 302,
   "FIELD5": 402,
   "FIELD6": 502,
   "FIELD7": 602
 },
 {
   "1": 4,
   "FIELD2": 103,
   "FIELD3": 203,
   "FIELD4": 303,
   "FIELD5": 403,
   "FIELD6": 503,
   "FIELD7": 603
 },
 {
   "1": 5,
   "FIELD2": 104,
   "FIELD3": 204,
   "FIELD4": 304,
   "FIELD5": 404,
   "FIELD6": 504,
   "FIELD7": 604
 },
 {
   "1": 6,
   "FIELD2": 105,
   "FIELD3": 205,
   "FIELD4": 305,
   "FIELD5": 405,
   "FIELD6": 505,
   "FIELD7": 605
 },
 {
   "1": 7,
   "FIELD2": 106,
   "FIELD3": 206,
   "FIELD4": 306,
   "FIELD5": 406,
   "FIELD6": 506,
   "FIELD7": 606
 },
 {
   "1": 8,
   "FIELD2": 107,
   "FIELD3": 207,
   "FIELD4": 307,
   "FIELD5": 407,
   "FIELD6": 507,
   "FIELD7": 607
 },
 {
   "1": 9,
   "FIELD2": 108,
   "FIELD3": 208,
   "FIELD4": 308,
   "FIELD5": 408,
   "FIELD6": 508,
   "FIELD7": 608
 },
 {
   "1": 10,
   "FIELD2": 109,
   "FIELD3": 209,
   "FIELD4": 309,
   "FIELD5": 409,
   "FIELD6": 509,
   "FIELD7": 609
 },
 {
   "1": 11,
   "FIELD2": 110,
   "FIELD3": 210,
   "FIELD4": 310,
   "FIELD5": 410,
   "FIELD6": 510,
   "FIELD7": 610
 },
 {
   "1": 12,
   "FIELD2": 111,
   "FIELD3": 211,
   "FIELD4": 311,
   "FIELD5": 411,
   "FIELD6": 511,
   "FIELD7": 611
 },
 {
   "1": 13,
   "FIELD2": 112,
   "FIELD3": 212,
   "FIELD4": 312,
   "FIELD5": 412,
   "FIELD6": 512,
   "FIELD7": 612
 },
 {
   "1": 14,
   "FIELD2": 113,
   "FIELD3": 213,
   "FIELD4": 313,
   "FIELD5": 413,
   "FIELD6": 513,
   "FIELD7": 613
 },
 {
   "1": 15,
   "FIELD2": 114,
   "FIELD3": 214,
   "FIELD4": 314,
   "FIELD5": 414,
   "FIELD6": 514,
   "FIELD7": 614
 }
]